Archive member included to satisfy reference by file (symbol)

C:/UBC/CPEN391/Module1/module-1-CassielJung/step2/software/HelloWorld_bsp\libhal_bsp.a(alt_load.o)
                              C:/UBC/CPEN391/Module1/module-1-CassielJung/step2/software/HelloWorld_bsp/obj/HAL/src/crt0.o (alt_load)
C:/UBC/CPEN391/Module1/module-1-CassielJung/step2/software/HelloWorld_bsp\libhal_bsp.a(alt_main.o)
                              C:/UBC/CPEN391/Module1/module-1-CassielJung/step2/software/HelloWorld_bsp/obj/HAL/src/crt0.o (alt_main)
C:/UBC/CPEN391/Module1/module-1-CassielJung/step2/software/HelloWorld_bsp\libhal_bsp.a(alt_putstr.o)
                              obj/default/hello_world_small.o (alt_putstr)
C:/UBC/CPEN391/Module1/module-1-CassielJung/step2/software/HelloWorld_bsp\libhal_bsp.a(alt_sys_init.o)
                              C:/UBC/CPEN391/Module1/module-1-CassielJung/step2/software/HelloWorld_bsp\libhal_bsp.a(alt_main.o) (alt_irq_init)
C:/UBC/CPEN391/Module1/module-1-CassielJung/step2/software/HelloWorld_bsp\libhal_bsp.a(altera_avalon_jtag_uart_write.o)
                              C:/UBC/CPEN391/Module1/module-1-CassielJung/step2/software/HelloWorld_bsp\libhal_bsp.a(alt_putstr.o) (altera_avalon_jtag_uart_write)
C:/UBC/CPEN391/Module1/module-1-CassielJung/step2/software/HelloWorld_bsp\libhal_bsp.a(alt_dcache_flush_all.o)
                              C:/UBC/CPEN391/Module1/module-1-CassielJung/step2/software/HelloWorld_bsp\libhal_bsp.a(alt_load.o) (alt_dcache_flush_all)
C:/UBC/CPEN391/Module1/module-1-CassielJung/step2/software/HelloWorld_bsp\libhal_bsp.a(alt_icache_flush_all.o)
                              C:/UBC/CPEN391/Module1/module-1-CassielJung/step2/software/HelloWorld_bsp\libhal_bsp.a(alt_load.o) (alt_icache_flush_all)
C:/UBC/CPEN391/Module1/module-1-CassielJung/step2/software/HelloWorld_bsp\libhal_bsp.a(altera_nios2_gen2_irq.o)
                              C:/UBC/CPEN391/Module1/module-1-CassielJung/step2/software/HelloWorld_bsp\libhal_bsp.a(alt_sys_init.o) (altera_nios2_gen2_irq_init)
C:/UBC/CPEN391/Module1/module-1-CassielJung/step2/software/HelloWorld_bsp\libhal_bsp.a(alt_icache_flush.o)
                              C:/UBC/CPEN391/Module1/module-1-CassielJung/step2/software/HelloWorld_bsp\libhal_bsp.a(alt_icache_flush_all.o) (alt_icache_flush)
c:/intelfpga_lite/19.1/nios2eds/bin/gnu/h-x86_64-mingw32/bin/../lib/gcc/nios2-elf/8.3.1/../../../../../H-x86_64-mingw32/nios2-elf/lib\libsmallc.a(lib_a-strlen.o)
                              C:/UBC/CPEN391/Module1/module-1-CassielJung/step2/software/HelloWorld_bsp\libhal_bsp.a(alt_putstr.o) (strlen)

Memory Configuration

Name             Origin             Length             Attributes
reset            0x0000000000001000 0x0000000000000020
onchip_memory2_0 0x0000000000001020 0x0000000000000fe0
*default*        0x0000000000000000 0xffffffffffffffff

Linker script and memory map

LOAD C:/UBC/CPEN391/Module1/module-1-CassielJung/step2/software/HelloWorld_bsp/obj/HAL/src/crt0.o
LOAD obj/default/hello_world_small.o
LOAD c:/intelfpga_lite/19.1/nios2eds/bin/gnu/h-x86_64-mingw32/bin/../lib/gcc/nios2-elf/8.3.1/../../../../../H-x86_64-mingw32/nios2-elf/lib\libstdc++.a
LOAD c:/intelfpga_lite/19.1/nios2eds/bin/gnu/h-x86_64-mingw32/bin/../lib/gcc/nios2-elf/8.3.1/../../../../../H-x86_64-mingw32/nios2-elf/lib\libm.a
LOAD c:/intelfpga_lite/19.1/nios2eds/bin/gnu/h-x86_64-mingw32/bin/../lib/gcc/nios2-elf/8.3.1\libgcc.a
START GROUP
LOAD c:/intelfpga_lite/19.1/nios2eds/bin/gnu/h-x86_64-mingw32/bin/../lib/gcc/nios2-elf/8.3.1/../../../../../H-x86_64-mingw32/nios2-elf/lib\libsmallc.a
LOAD c:/intelfpga_lite/19.1/nios2eds/bin/gnu/h-x86_64-mingw32/bin/../lib/gcc/nios2-elf/8.3.1\libgcc.a
LOAD C:/UBC/CPEN391/Module1/module-1-CassielJung/step2/software/HelloWorld_bsp\libhal_bsp.a
LOAD c:/intelfpga_lite/19.1/nios2eds/bin/gnu/h-x86_64-mingw32/bin/../lib/gcc/nios2-elf/8.3.1/../../../../../H-x86_64-mingw32/nios2-elf/lib\libm.a
END GROUP
LOAD c:/intelfpga_lite/19.1/nios2eds/bin/gnu/h-x86_64-mingw32/bin/../lib/gcc/nios2-elf/8.3.1\libgcc.a
                0x0000000000001000                __alt_mem_onchip_memory2_0 = 0x1000

.entry          0x0000000000001000       0x20
 *(.entry)
 .entry         0x0000000000001000       0x20 C:/UBC/CPEN391/Module1/module-1-CassielJung/step2/software/HelloWorld_bsp/obj/HAL/src/crt0.o
                0x0000000000001000                __reset
                0x000000000000101c                _exit

.exceptions     0x0000000000001020        0x0
                0x0000000000001020                PROVIDE (__ram_exceptions_start = ABSOLUTE (.))
                0x0000000000001020                . = ALIGN (0x20)
 *(.irq)
 *(.exceptions.entry.label)
 *(.exceptions.entry.user)
 *(.exceptions.entry.ecc_fatal)
 *(.exceptions.entry)
 *(.exceptions.irqtest.user)
 *(.exceptions.irqtest)
 *(.exceptions.irqhandler.user)
 *(.exceptions.irqhandler)
 *(.exceptions.irqreturn.user)
 *(.exceptions.irqreturn)
 *(.exceptions.notirq.label)
 *(.exceptions.notirq.user)
 *(.exceptions.notirq)
 *(.exceptions.soft.user)
 *(.exceptions.soft)
 *(.exceptions.unknown.user)
 *(.exceptions.unknown)
 *(.exceptions.exit.label)
 *(.exceptions.exit.user)
 *(.exceptions.exit)
 *(.exceptions)
                0x0000000000001020                PROVIDE (__ram_exceptions_end = ABSOLUTE (.))
                0x0000000000001020                PROVIDE (__flash_exceptions_start = LOADADDR (.exceptions))

.text           0x0000000000001020      0x250
                [!provide]                        PROVIDE (stext = ABSOLUTE (.))
 *(.interp)
 *(.hash)
 *(.dynsym)
 *(.dynstr)
 *(.gnu.version)
 *(.gnu.version_d)
 *(.gnu.version_r)
 *(.rel.init)
 *(.rela.init)
 *(.rel.text .rel.text.* .rel.gnu.linkonce.t.*)
 *(.rela.text .rela.text.* .rela.gnu.linkonce.t.*)
 *(.rel.fini)
 *(.rela.fini)
 *(.rel.rodata .rel.rodata.* .rel.gnu.linkonce.r.*)
 *(.rela.rodata .rela.rodata.* .rela.gnu.linkonce.r.*)
 *(.rel.data .rel.data.* .rel.gnu.linkonce.d.*)
 *(.rela.data .rela.data.* .rela.gnu.linkonce.d.*)
 *(.rel.tdata .rel.tdata.* .rel.gnu.linkonce.td.*)
 *(.rela.tdata .rela.tdata.* .rela.gnu.linkonce.td.*)
 *(.rel.tbss .rel.tbss.* .rel.gnu.linkonce.tb.*)
 *(.rela.tbss .rela.tbss.* .rela.gnu.linkonce.tb.*)
 *(.rel.ctors)
 *(.rela.ctors)
 *(.rel.dtors)
 *(.rela.dtors)
 *(.rel.got)
 *(.rela.got)
 *(.rel.sdata .rel.sdata.* .rel.gnu.linkonce.s.*)
 *(.rela.sdata .rela.sdata.* .rela.gnu.linkonce.s.*)
 *(.rel.sbss .rel.sbss.* .rel.gnu.linkonce.sb.*)
 *(.rela.sbss .rela.sbss.* .rela.gnu.linkonce.sb.*)
 *(.rel.sdata2 .rel.sdata2.* .rel.gnu.linkonce.s2.*)
 *(.rela.sdata2 .rela.sdata2.* .rela.gnu.linkonce.s2.*)
 *(.rel.sbss2 .rel.sbss2.* .rel.gnu.linkonce.sb2.*)
 *(.rela.sbss2 .rela.sbss2.* .rela.gnu.linkonce.sb2.*)
 *(.rel.bss .rel.bss.* .rel.gnu.linkonce.b.*)
 *(.rela.bss .rela.bss.* .rela.gnu.linkonce.b.*)
 *(.rel.plt)
 *(.rela.plt)
 *(.rel.dyn)
 *(.init)
 *(.plt)
 *(.text .stub .text.* .gnu.linkonce.t.*)
 .text          0x0000000000001020       0x4c C:/UBC/CPEN391/Module1/module-1-CassielJung/step2/software/HelloWorld_bsp/obj/HAL/src/crt0.o
                0x0000000000001020                _start
 .text          0x000000000000106c        0x0 obj/default/hello_world_small.o
 .text.startup  0x000000000000106c       0x18 obj/default/hello_world_small.o
                0x000000000000106c                main
 .text          0x0000000000001084       0xb4 C:/UBC/CPEN391/Module1/module-1-CassielJung/step2/software/HelloWorld_bsp\libhal_bsp.a(alt_load.o)
                0x0000000000001084                alt_load
 .text          0x0000000000001138       0x2c C:/UBC/CPEN391/Module1/module-1-CassielJung/step2/software/HelloWorld_bsp\libhal_bsp.a(alt_main.o)
                0x0000000000001138                alt_main
 .text          0x0000000000001164       0x38 C:/UBC/CPEN391/Module1/module-1-CassielJung/step2/software/HelloWorld_bsp\libhal_bsp.a(alt_putstr.o)
                0x0000000000001164                alt_putstr
 .text          0x000000000000119c       0x24 C:/UBC/CPEN391/Module1/module-1-CassielJung/step2/software/HelloWorld_bsp\libhal_bsp.a(alt_sys_init.o)
                0x000000000000119c                alt_irq_init
                0x00000000000011bc                alt_sys_init
 .text          0x00000000000011c0       0x30 C:/UBC/CPEN391/Module1/module-1-CassielJung/step2/software/HelloWorld_bsp\libhal_bsp.a(altera_avalon_jtag_uart_write.o)
                0x00000000000011c0                altera_avalon_jtag_uart_write
 .text          0x00000000000011f0       0x18 C:/UBC/CPEN391/Module1/module-1-CassielJung/step2/software/HelloWorld_bsp\libhal_bsp.a(alt_dcache_flush_all.o)
                0x00000000000011f0                alt_dcache_flush_all
 .text          0x0000000000001208        0xc C:/UBC/CPEN391/Module1/module-1-CassielJung/step2/software/HelloWorld_bsp\libhal_bsp.a(alt_icache_flush_all.o)
                0x0000000000001208                alt_icache_flush_all
 .text          0x0000000000001214        0x8 C:/UBC/CPEN391/Module1/module-1-CassielJung/step2/software/HelloWorld_bsp\libhal_bsp.a(altera_nios2_gen2_irq.o)
                0x0000000000001214                altera_nios2_gen2_irq_init
 .text          0x000000000000121c       0x38 C:/UBC/CPEN391/Module1/module-1-CassielJung/step2/software/HelloWorld_bsp\libhal_bsp.a(alt_icache_flush.o)
                0x000000000000121c                alt_icache_flush
 .text          0x0000000000001254        0x0 c:/intelfpga_lite/19.1/nios2eds/bin/gnu/h-x86_64-mingw32/bin/../lib/gcc/nios2-elf/8.3.1/../../../../../H-x86_64-mingw32/nios2-elf/lib\libsmallc.a(lib_a-strlen.o)
 .text.strlen   0x0000000000001254       0x1c c:/intelfpga_lite/19.1/nios2eds/bin/gnu/h-x86_64-mingw32/bin/../lib/gcc/nios2-elf/8.3.1/../../../../../H-x86_64-mingw32/nios2-elf/lib\libsmallc.a(lib_a-strlen.o)
                0x0000000000001254                strlen
 *(.gnu.warning.*)
 *(.fini)
                [!provide]                        PROVIDE (__etext = ABSOLUTE (.))
                [!provide]                        PROVIDE (_etext = ABSOLUTE (.))
                [!provide]                        PROVIDE (etext = ABSOLUTE (.))
 *(.eh_frame_hdr)
                0x0000000000001270                . = ALIGN (0x4)
                [!provide]                        PROVIDE (__preinit_array_start = ABSOLUTE (.))
 *(.preinit_array)
                [!provide]                        PROVIDE (__preinit_array_end = ABSOLUTE (.))
                [!provide]                        PROVIDE (__init_array_start = ABSOLUTE (.))
 *(.init_array)
                [!provide]                        PROVIDE (__init_array_end = ABSOLUTE (.))
                [!provide]                        PROVIDE (__fini_array_start = ABSOLUTE (.))
 *(.fini_array)
                [!provide]                        PROVIDE (__fini_array_end = ABSOLUTE (.))
 *(.eh_frame)
 *(.gcc_except_table .gcc_except_table.*)
 *(.dynamic)
                [!provide]                        PROVIDE (__CTOR_LIST__ = ABSOLUTE (.))
 *(.ctors)
 *(SORT_BY_NAME(.ctors.*))
                [!provide]                        PROVIDE (__CTOR_END__ = ABSOLUTE (.))
                [!provide]                        PROVIDE (__DTOR_LIST__ = ABSOLUTE (.))
 *(.dtors)
 *(SORT_BY_NAME(.dtors.*))
                [!provide]                        PROVIDE (__DTOR_END__ = ABSOLUTE (.))
 *(.jcr)
                0x0000000000001270                . = ALIGN (0x4)

.rodata         0x0000000000001270       0x10
                0x0000000000001270                PROVIDE (__ram_rodata_start = ABSOLUTE (.))
                0x0000000000001270                . = ALIGN (0x4)
 *(.rodata .rodata.* .gnu.linkonce.r.*)
 .rodata.str1.4
                0x0000000000001270       0x10 obj/default/hello_world_small.o
                                          0xe (size before relaxing)
 *(.rodata1)
                0x0000000000001280                . = ALIGN (0x4)
                0x0000000000001280                PROVIDE (__ram_rodata_end = ABSOLUTE (.))
                0x0000000000001270                PROVIDE (__flash_rodata_start = LOADADDR (.rodata))

.rwdata         0x0000000000001280        0x4 load address 0x0000000000001284
                0x0000000000001280                PROVIDE (__ram_rwdata_start = ABSOLUTE (.))
                0x0000000000001280                . = ALIGN (0x4)
 *(.got.plt)
 *(.got)
 *(.data1)
 *(.data .data.* .gnu.linkonce.d.*)
 .data          0x0000000000001280        0x0 C:/UBC/CPEN391/Module1/module-1-CassielJung/step2/software/HelloWorld_bsp/obj/HAL/src/crt0.o
 .data          0x0000000000001280        0x0 obj/default/hello_world_small.o
 .data          0x0000000000001280        0x0 C:/UBC/CPEN391/Module1/module-1-CassielJung/step2/software/HelloWorld_bsp\libhal_bsp.a(alt_load.o)
 .data          0x0000000000001280        0x0 C:/UBC/CPEN391/Module1/module-1-CassielJung/step2/software/HelloWorld_bsp\libhal_bsp.a(alt_main.o)
 .data          0x0000000000001280        0x0 C:/UBC/CPEN391/Module1/module-1-CassielJung/step2/software/HelloWorld_bsp\libhal_bsp.a(alt_putstr.o)
 .data          0x0000000000001280        0x0 C:/UBC/CPEN391/Module1/module-1-CassielJung/step2/software/HelloWorld_bsp\libhal_bsp.a(alt_sys_init.o)
 .data          0x0000000000001280        0x0 C:/UBC/CPEN391/Module1/module-1-CassielJung/step2/software/HelloWorld_bsp\libhal_bsp.a(altera_avalon_jtag_uart_write.o)
 .data          0x0000000000001280        0x0 C:/UBC/CPEN391/Module1/module-1-CassielJung/step2/software/HelloWorld_bsp\libhal_bsp.a(alt_dcache_flush_all.o)
 .data          0x0000000000001280        0x0 C:/UBC/CPEN391/Module1/module-1-CassielJung/step2/software/HelloWorld_bsp\libhal_bsp.a(alt_icache_flush_all.o)
 .data          0x0000000000001280        0x0 C:/UBC/CPEN391/Module1/module-1-CassielJung/step2/software/HelloWorld_bsp\libhal_bsp.a(altera_nios2_gen2_irq.o)
 .data          0x0000000000001280        0x0 C:/UBC/CPEN391/Module1/module-1-CassielJung/step2/software/HelloWorld_bsp\libhal_bsp.a(alt_icache_flush.o)
 .data          0x0000000000001280        0x0 c:/intelfpga_lite/19.1/nios2eds/bin/gnu/h-x86_64-mingw32/bin/../lib/gcc/nios2-elf/8.3.1/../../../../../H-x86_64-mingw32/nios2-elf/lib\libsmallc.a(lib_a-strlen.o)
                0x0000000000009280                _gp = ABSOLUTE ((. + 0x8000))
                [!provide]                        PROVIDE (gp = _gp)
 *(.rwdata .rwdata.*)
 *(.sdata .sdata.* .gnu.linkonce.s.*)
 .sdata         0x0000000000001280        0x4 C:/UBC/CPEN391/Module1/module-1-CassielJung/step2/software/HelloWorld_bsp\libhal_bsp.a(alt_sys_init.o)
                0x0000000000001280                jtag_uart_0
 *(.sdata2 .sdata2.* .gnu.linkonce.s2.*)
                0x0000000000001284                . = ALIGN (0x4)
                0x0000000000001284                _edata = ABSOLUTE (.)
                [!provide]                        PROVIDE (edata = ABSOLUTE (.))
                0x0000000000001284                PROVIDE (__ram_rwdata_end = ABSOLUTE (.))
                0x0000000000001284                PROVIDE (__flash_rwdata_start = LOADADDR (.rwdata))

.bss            0x0000000000001288        0xc
                0x0000000000001288                __bss_start = ABSOLUTE (.)
                [!provide]                        PROVIDE (__sbss_start = ABSOLUTE (.))
                [!provide]                        PROVIDE (___sbss_start = ABSOLUTE (.))
 *(.dynsbss)
 *(.sbss .sbss.* .gnu.linkonce.sb.*)
 .sbss          0x0000000000001288        0xc C:/UBC/CPEN391/Module1/module-1-CassielJung/step2/software/HelloWorld_bsp\libhal_bsp.a(alt_main.o)
                0x0000000000001288                alt_envp
                0x000000000000128c                alt_argv
                0x0000000000001290                alt_argc
 *(.sbss2 .sbss2.* .gnu.linkonce.sb2.*)
 *(.scommon)
                [!provide]                        PROVIDE (__sbss_end = ABSOLUTE (.))
                [!provide]                        PROVIDE (___sbss_end = ABSOLUTE (.))
 *(.dynbss)
 *(.bss .bss.* .gnu.linkonce.b.*)
 .bss           0x0000000000001294        0x0 C:/UBC/CPEN391/Module1/module-1-CassielJung/step2/software/HelloWorld_bsp/obj/HAL/src/crt0.o
 .bss           0x0000000000001294        0x0 obj/default/hello_world_small.o
 .bss           0x0000000000001294        0x0 C:/UBC/CPEN391/Module1/module-1-CassielJung/step2/software/HelloWorld_bsp\libhal_bsp.a(alt_load.o)
 .bss           0x0000000000001294        0x0 C:/UBC/CPEN391/Module1/module-1-CassielJung/step2/software/HelloWorld_bsp\libhal_bsp.a(alt_main.o)
 .bss           0x0000000000001294        0x0 C:/UBC/CPEN391/Module1/module-1-CassielJung/step2/software/HelloWorld_bsp\libhal_bsp.a(alt_putstr.o)
 .bss           0x0000000000001294        0x0 C:/UBC/CPEN391/Module1/module-1-CassielJung/step2/software/HelloWorld_bsp\libhal_bsp.a(alt_sys_init.o)
 .bss           0x0000000000001294        0x0 C:/UBC/CPEN391/Module1/module-1-CassielJung/step2/software/HelloWorld_bsp\libhal_bsp.a(altera_avalon_jtag_uart_write.o)
 .bss           0x0000000000001294        0x0 C:/UBC/CPEN391/Module1/module-1-CassielJung/step2/software/HelloWorld_bsp\libhal_bsp.a(alt_dcache_flush_all.o)
 .bss           0x0000000000001294        0x0 C:/UBC/CPEN391/Module1/module-1-CassielJung/step2/software/HelloWorld_bsp\libhal_bsp.a(alt_icache_flush_all.o)
 .bss           0x0000000000001294        0x0 C:/UBC/CPEN391/Module1/module-1-CassielJung/step2/software/HelloWorld_bsp\libhal_bsp.a(altera_nios2_gen2_irq.o)
 .bss           0x0000000000001294        0x0 C:/UBC/CPEN391/Module1/module-1-CassielJung/step2/software/HelloWorld_bsp\libhal_bsp.a(alt_icache_flush.o)
 .bss           0x0000000000001294        0x0 c:/intelfpga_lite/19.1/nios2eds/bin/gnu/h-x86_64-mingw32/bin/../lib/gcc/nios2-elf/8.3.1/../../../../../H-x86_64-mingw32/nios2-elf/lib\libsmallc.a(lib_a-strlen.o)
 *(COMMON)
                0x0000000000001294                . = ALIGN (0x4)
                0x0000000000001294                __bss_end = ABSOLUTE (.)

.onchip_memory2_0
                0x0000000000001294        0x0
                [!provide]                        PROVIDE (_alt_partition_onchip_memory2_0_start = ABSOLUTE (.))
 *(.onchip_memory2_0 .onchip_memory2_0. onchip_memory2_0.*)
                0x0000000000001294                . = ALIGN (0x4)
                [!provide]                        PROVIDE (_alt_partition_onchip_memory2_0_end = ABSOLUTE (.))
                0x0000000000001294                _end = ABSOLUTE (.)
                0x0000000000001294                end = ABSOLUTE (.)
                0x0000000000001294                __alt_stack_base = ABSOLUTE (.)
                [!provide]                        PROVIDE (_alt_partition_onchip_memory2_0_load_addr = LOADADDR (.onchip_memory2_0))

.stab
 *(.stab)

.stabstr
 *(.stabstr)

.stab.excl
 *(.stab.excl)

.stab.exclstr
 *(.stab.exclstr)

.stab.index
 *(.stab.index)

.stab.indexstr
 *(.stab.indexstr)

.comment        0x0000000000000000       0x2c
 *(.comment)
 .comment       0x0000000000000000       0x2c obj/default/hello_world_small.o
                                         0x2d (size before relaxing)
 .comment       0x000000000000002c       0x2d C:/UBC/CPEN391/Module1/module-1-CassielJung/step2/software/HelloWorld_bsp\libhal_bsp.a(alt_load.o)
 .comment       0x000000000000002c       0x2d C:/UBC/CPEN391/Module1/module-1-CassielJung/step2/software/HelloWorld_bsp\libhal_bsp.a(alt_main.o)
 .comment       0x000000000000002c       0x2d C:/UBC/CPEN391/Module1/module-1-CassielJung/step2/software/HelloWorld_bsp\libhal_bsp.a(alt_putstr.o)
 .comment       0x000000000000002c       0x2d C:/UBC/CPEN391/Module1/module-1-CassielJung/step2/software/HelloWorld_bsp\libhal_bsp.a(alt_sys_init.o)
 .comment       0x000000000000002c       0x2d C:/UBC/CPEN391/Module1/module-1-CassielJung/step2/software/HelloWorld_bsp\libhal_bsp.a(altera_avalon_jtag_uart_write.o)
 .comment       0x000000000000002c       0x2d C:/UBC/CPEN391/Module1/module-1-CassielJung/step2/software/HelloWorld_bsp\libhal_bsp.a(alt_dcache_flush_all.o)
 .comment       0x000000000000002c       0x2d C:/UBC/CPEN391/Module1/module-1-CassielJung/step2/software/HelloWorld_bsp\libhal_bsp.a(alt_icache_flush_all.o)
 .comment       0x000000000000002c       0x2d C:/UBC/CPEN391/Module1/module-1-CassielJung/step2/software/HelloWorld_bsp\libhal_bsp.a(altera_nios2_gen2_irq.o)
 .comment       0x000000000000002c       0x2d C:/UBC/CPEN391/Module1/module-1-CassielJung/step2/software/HelloWorld_bsp\libhal_bsp.a(alt_icache_flush.o)
 .comment       0x000000000000002c       0x2d c:/intelfpga_lite/19.1/nios2eds/bin/gnu/h-x86_64-mingw32/bin/../lib/gcc/nios2-elf/8.3.1/../../../../../H-x86_64-mingw32/nios2-elf/lib\libsmallc.a(lib_a-strlen.o)

.debug
 *(.debug)

.line
 *(.line)

.debug_srcinfo
 *(.debug_srcinfo)

.debug_sfnames
 *(.debug_sfnames)

.debug_aranges  0x0000000000000000      0x188
 *(.debug_aranges)
 .debug_aranges
                0x0000000000000000       0x28 C:/UBC/CPEN391/Module1/module-1-CassielJung/step2/software/HelloWorld_bsp/obj/HAL/src/crt0.o
 .debug_aranges
                0x0000000000000028       0x20 obj/default/hello_world_small.o
 .debug_aranges
                0x0000000000000048       0x20 C:/UBC/CPEN391/Module1/module-1-CassielJung/step2/software/HelloWorld_bsp\libhal_bsp.a(alt_load.o)
 .debug_aranges
                0x0000000000000068       0x20 C:/UBC/CPEN391/Module1/module-1-CassielJung/step2/software/HelloWorld_bsp\libhal_bsp.a(alt_main.o)
 .debug_aranges
                0x0000000000000088       0x20 C:/UBC/CPEN391/Module1/module-1-CassielJung/step2/software/HelloWorld_bsp\libhal_bsp.a(alt_putstr.o)
 .debug_aranges
                0x00000000000000a8       0x20 C:/UBC/CPEN391/Module1/module-1-CassielJung/step2/software/HelloWorld_bsp\libhal_bsp.a(alt_sys_init.o)
 .debug_aranges
                0x00000000000000c8       0x20 C:/UBC/CPEN391/Module1/module-1-CassielJung/step2/software/HelloWorld_bsp\libhal_bsp.a(altera_avalon_jtag_uart_write.o)
 .debug_aranges
                0x00000000000000e8       0x20 C:/UBC/CPEN391/Module1/module-1-CassielJung/step2/software/HelloWorld_bsp\libhal_bsp.a(alt_dcache_flush_all.o)
 .debug_aranges
                0x0000000000000108       0x20 C:/UBC/CPEN391/Module1/module-1-CassielJung/step2/software/HelloWorld_bsp\libhal_bsp.a(alt_icache_flush_all.o)
 .debug_aranges
                0x0000000000000128       0x20 C:/UBC/CPEN391/Module1/module-1-CassielJung/step2/software/HelloWorld_bsp\libhal_bsp.a(altera_nios2_gen2_irq.o)
 .debug_aranges
                0x0000000000000148       0x20 C:/UBC/CPEN391/Module1/module-1-CassielJung/step2/software/HelloWorld_bsp\libhal_bsp.a(alt_icache_flush.o)
 .debug_aranges
                0x0000000000000168       0x20 c:/intelfpga_lite/19.1/nios2eds/bin/gnu/h-x86_64-mingw32/bin/../lib/gcc/nios2-elf/8.3.1/../../../../../H-x86_64-mingw32/nios2-elf/lib\libsmallc.a(lib_a-strlen.o)

.debug_pubnames
 *(.debug_pubnames)

.debug_info     0x0000000000000000     0x64a9
 *(.debug_info .gnu.linkonce.wi.*)
 .debug_info    0x0000000000000000       0x22 C:/UBC/CPEN391/Module1/module-1-CassielJung/step2/software/HelloWorld_bsp/obj/HAL/src/crt0.o
 .debug_info    0x0000000000000022       0x67 obj/default/hello_world_small.o
 .debug_info    0x0000000000000089      0xaea C:/UBC/CPEN391/Module1/module-1-CassielJung/step2/software/HelloWorld_bsp\libhal_bsp.a(alt_load.o)
 .debug_info    0x0000000000000b73      0xeac C:/UBC/CPEN391/Module1/module-1-CassielJung/step2/software/HelloWorld_bsp\libhal_bsp.a(alt_main.o)
 .debug_info    0x0000000000001a1f      0x9c0 C:/UBC/CPEN391/Module1/module-1-CassielJung/step2/software/HelloWorld_bsp\libhal_bsp.a(alt_putstr.o)
 .debug_info    0x00000000000023df      0xa5f C:/UBC/CPEN391/Module1/module-1-CassielJung/step2/software/HelloWorld_bsp\libhal_bsp.a(alt_sys_init.o)
 .debug_info    0x0000000000002e3e      0xaa8 C:/UBC/CPEN391/Module1/module-1-CassielJung/step2/software/HelloWorld_bsp\libhal_bsp.a(altera_avalon_jtag_uart_write.o)
 .debug_info    0x00000000000038e6      0x944 C:/UBC/CPEN391/Module1/module-1-CassielJung/step2/software/HelloWorld_bsp\libhal_bsp.a(alt_dcache_flush_all.o)
 .debug_info    0x000000000000422a      0x958 C:/UBC/CPEN391/Module1/module-1-CassielJung/step2/software/HelloWorld_bsp\libhal_bsp.a(alt_icache_flush_all.o)
 .debug_info    0x0000000000004b82      0x952 C:/UBC/CPEN391/Module1/module-1-CassielJung/step2/software/HelloWorld_bsp\libhal_bsp.a(altera_nios2_gen2_irq.o)
 .debug_info    0x00000000000054d4      0x98c C:/UBC/CPEN391/Module1/module-1-CassielJung/step2/software/HelloWorld_bsp\libhal_bsp.a(alt_icache_flush.o)
 .debug_info    0x0000000000005e60      0x649 c:/intelfpga_lite/19.1/nios2eds/bin/gnu/h-x86_64-mingw32/bin/../lib/gcc/nios2-elf/8.3.1/../../../../../H-x86_64-mingw32/nios2-elf/lib\libsmallc.a(lib_a-strlen.o)

.debug_abbrev   0x0000000000000000     0x15ff
 *(.debug_abbrev)
 .debug_abbrev  0x0000000000000000       0x12 C:/UBC/CPEN391/Module1/module-1-CassielJung/step2/software/HelloWorld_bsp/obj/HAL/src/crt0.o
 .debug_abbrev  0x0000000000000012       0x65 obj/default/hello_world_small.o
 .debug_abbrev  0x0000000000000077      0x277 C:/UBC/CPEN391/Module1/module-1-CassielJung/step2/software/HelloWorld_bsp\libhal_bsp.a(alt_load.o)
 .debug_abbrev  0x00000000000002ee      0x252 C:/UBC/CPEN391/Module1/module-1-CassielJung/step2/software/HelloWorld_bsp\libhal_bsp.a(alt_main.o)
 .debug_abbrev  0x0000000000000540      0x249 C:/UBC/CPEN391/Module1/module-1-CassielJung/step2/software/HelloWorld_bsp\libhal_bsp.a(alt_putstr.o)
 .debug_abbrev  0x0000000000000789      0x279 C:/UBC/CPEN391/Module1/module-1-CassielJung/step2/software/HelloWorld_bsp\libhal_bsp.a(alt_sys_init.o)
 .debug_abbrev  0x0000000000000a02      0x251 C:/UBC/CPEN391/Module1/module-1-CassielJung/step2/software/HelloWorld_bsp\libhal_bsp.a(altera_avalon_jtag_uart_write.o)
 .debug_abbrev  0x0000000000000c53      0x1f4 C:/UBC/CPEN391/Module1/module-1-CassielJung/step2/software/HelloWorld_bsp\libhal_bsp.a(alt_dcache_flush_all.o)
 .debug_abbrev  0x0000000000000e47      0x20f C:/UBC/CPEN391/Module1/module-1-CassielJung/step2/software/HelloWorld_bsp\libhal_bsp.a(alt_icache_flush_all.o)
 .debug_abbrev  0x0000000000001056      0x1e5 C:/UBC/CPEN391/Module1/module-1-CassielJung/step2/software/HelloWorld_bsp\libhal_bsp.a(altera_nios2_gen2_irq.o)
 .debug_abbrev  0x000000000000123b      0x21c C:/UBC/CPEN391/Module1/module-1-CassielJung/step2/software/HelloWorld_bsp\libhal_bsp.a(alt_icache_flush.o)
 .debug_abbrev  0x0000000000001457      0x1a8 c:/intelfpga_lite/19.1/nios2eds/bin/gnu/h-x86_64-mingw32/bin/../lib/gcc/nios2-elf/8.3.1/../../../../../H-x86_64-mingw32/nios2-elf/lib\libsmallc.a(lib_a-strlen.o)

.debug_line     0x0000000000000000     0x1490
 *(.debug_line)
 .debug_line    0x0000000000000000       0x72 C:/UBC/CPEN391/Module1/module-1-CassielJung/step2/software/HelloWorld_bsp/obj/HAL/src/crt0.o
 .debug_line    0x0000000000000072       0xc8 obj/default/hello_world_small.o
 .debug_line    0x000000000000013a      0x255 C:/UBC/CPEN391/Module1/module-1-CassielJung/step2/software/HelloWorld_bsp\libhal_bsp.a(alt_load.o)
 .debug_line    0x000000000000038f      0x2f7 C:/UBC/CPEN391/Module1/module-1-CassielJung/step2/software/HelloWorld_bsp\libhal_bsp.a(alt_main.o)
 .debug_line    0x0000000000000686      0x190 C:/UBC/CPEN391/Module1/module-1-CassielJung/step2/software/HelloWorld_bsp\libhal_bsp.a(alt_putstr.o)
 .debug_line    0x0000000000000816      0x1f2 C:/UBC/CPEN391/Module1/module-1-CassielJung/step2/software/HelloWorld_bsp\libhal_bsp.a(alt_sys_init.o)
 .debug_line    0x0000000000000a08      0x243 C:/UBC/CPEN391/Module1/module-1-CassielJung/step2/software/HelloWorld_bsp\libhal_bsp.a(altera_avalon_jtag_uart_write.o)
 .debug_line    0x0000000000000c4b      0x19e C:/UBC/CPEN391/Module1/module-1-CassielJung/step2/software/HelloWorld_bsp\libhal_bsp.a(alt_dcache_flush_all.o)
 .debug_line    0x0000000000000de9      0x1a3 C:/UBC/CPEN391/Module1/module-1-CassielJung/step2/software/HelloWorld_bsp\libhal_bsp.a(alt_icache_flush_all.o)
 .debug_line    0x0000000000000f8c      0x139 C:/UBC/CPEN391/Module1/module-1-CassielJung/step2/software/HelloWorld_bsp\libhal_bsp.a(altera_nios2_gen2_irq.o)
 .debug_line    0x00000000000010c5      0x1d7 C:/UBC/CPEN391/Module1/module-1-CassielJung/step2/software/HelloWorld_bsp\libhal_bsp.a(alt_icache_flush.o)
 .debug_line    0x000000000000129c      0x1f4 c:/intelfpga_lite/19.1/nios2eds/bin/gnu/h-x86_64-mingw32/bin/../lib/gcc/nios2-elf/8.3.1/../../../../../H-x86_64-mingw32/nios2-elf/lib\libsmallc.a(lib_a-strlen.o)

.debug_frame    0x0000000000000000      0x1b0
 *(.debug_frame)
 .debug_frame   0x0000000000000000       0x28 obj/default/hello_world_small.o
 .debug_frame   0x0000000000000028       0x30 C:/UBC/CPEN391/Module1/module-1-CassielJung/step2/software/HelloWorld_bsp\libhal_bsp.a(alt_load.o)
 .debug_frame   0x0000000000000058       0x2c C:/UBC/CPEN391/Module1/module-1-CassielJung/step2/software/HelloWorld_bsp\libhal_bsp.a(alt_main.o)
 .debug_frame   0x0000000000000084       0x30 C:/UBC/CPEN391/Module1/module-1-CassielJung/step2/software/HelloWorld_bsp\libhal_bsp.a(alt_putstr.o)
 .debug_frame   0x00000000000000b4       0x3c C:/UBC/CPEN391/Module1/module-1-CassielJung/step2/software/HelloWorld_bsp\libhal_bsp.a(alt_sys_init.o)
 .debug_frame   0x00000000000000f0       0x20 C:/UBC/CPEN391/Module1/module-1-CassielJung/step2/software/HelloWorld_bsp\libhal_bsp.a(altera_avalon_jtag_uart_write.o)
 .debug_frame   0x0000000000000110       0x20 C:/UBC/CPEN391/Module1/module-1-CassielJung/step2/software/HelloWorld_bsp\libhal_bsp.a(alt_dcache_flush_all.o)
 .debug_frame   0x0000000000000130       0x20 C:/UBC/CPEN391/Module1/module-1-CassielJung/step2/software/HelloWorld_bsp\libhal_bsp.a(alt_icache_flush_all.o)
 .debug_frame   0x0000000000000150       0x20 C:/UBC/CPEN391/Module1/module-1-CassielJung/step2/software/HelloWorld_bsp\libhal_bsp.a(altera_nios2_gen2_irq.o)
 .debug_frame   0x0000000000000170       0x20 C:/UBC/CPEN391/Module1/module-1-CassielJung/step2/software/HelloWorld_bsp\libhal_bsp.a(alt_icache_flush.o)
 .debug_frame   0x0000000000000190       0x20 c:/intelfpga_lite/19.1/nios2eds/bin/gnu/h-x86_64-mingw32/bin/../lib/gcc/nios2-elf/8.3.1/../../../../../H-x86_64-mingw32/nios2-elf/lib\libsmallc.a(lib_a-strlen.o)

.debug_str      0x0000000000000000      0xbab
 *(.debug_str)
 .debug_str     0x0000000000000000       0x68 C:/UBC/CPEN391/Module1/module-1-CassielJung/step2/software/HelloWorld_bsp/obj/HAL/src/crt0.o
 .debug_str     0x0000000000000068       0xb4 obj/default/hello_world_small.o
                                         0xb9 (size before relaxing)
 .debug_str     0x000000000000011c      0x516 C:/UBC/CPEN391/Module1/module-1-CassielJung/step2/software/HelloWorld_bsp\libhal_bsp.a(alt_load.o)
                                        0x632 (size before relaxing)
 .debug_str     0x0000000000000632      0x264 C:/UBC/CPEN391/Module1/module-1-CassielJung/step2/software/HelloWorld_bsp\libhal_bsp.a(alt_main.o)
                                        0x7ed (size before relaxing)
 .debug_str     0x0000000000000896       0x66 C:/UBC/CPEN391/Module1/module-1-CassielJung/step2/software/HelloWorld_bsp\libhal_bsp.a(alt_putstr.o)
                                        0x57e (size before relaxing)
 .debug_str     0x00000000000008fc       0x90 C:/UBC/CPEN391/Module1/module-1-CassielJung/step2/software/HelloWorld_bsp\libhal_bsp.a(alt_sys_init.o)
                                        0x62b (size before relaxing)
 .debug_str     0x000000000000098c       0x2c C:/UBC/CPEN391/Module1/module-1-CassielJung/step2/software/HelloWorld_bsp\libhal_bsp.a(altera_avalon_jtag_uart_write.o)
                                        0x636 (size before relaxing)
 .debug_str     0x00000000000009b8       0x1f C:/UBC/CPEN391/Module1/module-1-CassielJung/step2/software/HelloWorld_bsp\libhal_bsp.a(alt_dcache_flush_all.o)
                                        0x54b (size before relaxing)
 .debug_str     0x00000000000009d7       0x30 C:/UBC/CPEN391/Module1/module-1-CassielJung/step2/software/HelloWorld_bsp\libhal_bsp.a(alt_icache_flush_all.o)
                                        0x55c (size before relaxing)
 .debug_str     0x0000000000000a07       0x20 C:/UBC/CPEN391/Module1/module-1-CassielJung/step2/software/HelloWorld_bsp\libhal_bsp.a(altera_nios2_gen2_irq.o)
                                        0x55f (size before relaxing)
 .debug_str     0x0000000000000a27       0x1b C:/UBC/CPEN391/Module1/module-1-CassielJung/step2/software/HelloWorld_bsp\libhal_bsp.a(alt_icache_flush.o)
                                        0x551 (size before relaxing)
 .debug_str     0x0000000000000a42      0x169 c:/intelfpga_lite/19.1/nios2eds/bin/gnu/h-x86_64-mingw32/bin/../lib/gcc/nios2-elf/8.3.1/../../../../../H-x86_64-mingw32/nios2-elf/lib\libsmallc.a(lib_a-strlen.o)
                                        0x4b6 (size before relaxing)

.debug_loc      0x0000000000000000      0x242
 *(.debug_loc)
 .debug_loc     0x0000000000000000       0x66 C:/UBC/CPEN391/Module1/module-1-CassielJung/step2/software/HelloWorld_bsp\libhal_bsp.a(alt_load.o)
 .debug_loc     0x0000000000000066       0x3f C:/UBC/CPEN391/Module1/module-1-CassielJung/step2/software/HelloWorld_bsp\libhal_bsp.a(alt_putstr.o)
 .debug_loc     0x00000000000000a5       0x25 C:/UBC/CPEN391/Module1/module-1-CassielJung/step2/software/HelloWorld_bsp\libhal_bsp.a(alt_sys_init.o)
 .debug_loc     0x00000000000000ca       0x93 C:/UBC/CPEN391/Module1/module-1-CassielJung/step2/software/HelloWorld_bsp\libhal_bsp.a(altera_avalon_jtag_uart_write.o)
 .debug_loc     0x000000000000015d       0x23 C:/UBC/CPEN391/Module1/module-1-CassielJung/step2/software/HelloWorld_bsp\libhal_bsp.a(alt_dcache_flush_all.o)
 .debug_loc     0x0000000000000180       0x7e C:/UBC/CPEN391/Module1/module-1-CassielJung/step2/software/HelloWorld_bsp\libhal_bsp.a(alt_icache_flush.o)
 .debug_loc     0x00000000000001fe       0x44 c:/intelfpga_lite/19.1/nios2eds/bin/gnu/h-x86_64-mingw32/bin/../lib/gcc/nios2-elf/8.3.1/../../../../../H-x86_64-mingw32/nios2-elf/lib\libsmallc.a(lib_a-strlen.o)

.debug_macinfo
 *(.debug_macinfo)

.debug_weaknames
 *(.debug_weaknames)

.debug_funcnames
 *(.debug_funcnames)

.debug_typenames
 *(.debug_typenames)

.debug_varnames
 *(.debug_varnames)

.debug_alt_sim_info
                0x0000000000000000       0x30
 *(.debug_alt_sim_info)
 .debug_alt_sim_info
                0x0000000000000000       0x30 C:/UBC/CPEN391/Module1/module-1-CassielJung/step2/software/HelloWorld_bsp/obj/HAL/src/crt0.o
                0x0000000000002000                __alt_data_end = 0x2000
                0x0000000000002000                PROVIDE (__alt_stack_pointer = __alt_data_end)
                [!provide]                        PROVIDE (__alt_stack_limit = __alt_stack_base)
                [!provide]                        PROVIDE (__alt_heap_start = end)
                [!provide]                        PROVIDE (__alt_heap_limit = 0x2000)
OUTPUT(HelloWorld.elf elf32-littlenios2)

.debug_ranges   0x0000000000000000       0xf0
 .debug_ranges  0x0000000000000000       0x20 C:/UBC/CPEN391/Module1/module-1-CassielJung/step2/software/HelloWorld_bsp/obj/HAL/src/crt0.o
 .debug_ranges  0x0000000000000020       0x10 obj/default/hello_world_small.o
 .debug_ranges  0x0000000000000030       0xa0 C:/UBC/CPEN391/Module1/module-1-CassielJung/step2/software/HelloWorld_bsp\libhal_bsp.a(alt_load.o)
 .debug_ranges  0x00000000000000d0       0x10 C:/UBC/CPEN391/Module1/module-1-CassielJung/step2/software/HelloWorld_bsp\libhal_bsp.a(alt_icache_flush.o)
 .debug_ranges  0x00000000000000e0       0x10 c:/intelfpga_lite/19.1/nios2eds/bin/gnu/h-x86_64-mingw32/bin/../lib/gcc/nios2-elf/8.3.1/../../../../../H-x86_64-mingw32/nios2-elf/lib\libsmallc.a(lib_a-strlen.o)
